2024-11-11T14:09:57.600-06:00  INFO 11852 --- [GestionClientes-BuenrostroAsociados] [restartedMain] onClientesBuenrostroAsociadosApplication : Starting GestionClientesBuenrostroAsociadosApplication using Java 17.0.11 with PID 11852 (C:\noveno_seemestre\rp_proyect\backend\gestion-clientes\target\classes started by jose_ in C:\noveno_seemestre\rp_proyect\backend\gestion-clientes)
2024-11-11T14:09:57.630-06:00 DEBUG 11852 --- [GestionClientes-BuenrostroAsociados] [restartedMain] onClientesBuenrostroAsociadosApplication : Running with Spring Boot v3.3.2, Spring v6.1.11
2024-11-11T14:09:57.633-06:00  INFO 11852 --- [GestionClientes-BuenrostroAsociados] [restartedMain] onClientesBuenrostroAsociadosApplication : No active profile set, falling back to 1 default profile: "default"
2024-11-11T14:09:57.805-06:00  INFO 11852 --- [GestionClientes-BuenrostroAsociados] [restartedMain] .e.DevToolsPropertyDefaultsPostProcessor : Devtools property defaults active! Set 'spring.devtools.add-properties' to 'false' to disable
2024-11-11T14:09:57.805-06:00  INFO 11852 --- [GestionClientes-BuenrostroAsociados] [restartedMain] .e.DevToolsPropertyDefaultsPostProcessor : For additional web related logging consider setting the 'logging.level.web' property to 'DEBUG'
2024-11-11T14:10:01.345-06:00  INFO 11852 --- [GestionClientes-BuenrostroAsociados] [restartedMain] .s.d.r.c.RepositoryConfigurationDelegate : Bootstrapping Spring Data JPA repositories in DEFAULT mode.
2024-11-11T14:10:01.706-06:00  INFO 11852 --- [GestionClientes-BuenrostroAsociados] [restartedMain] .s.d.r.c.RepositoryConfigurationDelegate : Finished Spring Data repository scanning in 338 ms. Found 11 JPA repository interfaces.
2024-11-11T14:10:03.920-06:00  INFO 11852 --- [GestionClientes-BuenrostroAsociados] [restartedMain] o.s.b.w.embedded.tomcat.TomcatWebServer  : Tomcat initialized with port 4200 (http)
2024-11-11T14:10:03.951-06:00  INFO 11852 --- [GestionClientes-BuenrostroAsociados] [restartedMain] o.apache.catalina.core.StandardService   : Starting service [Tomcat]
2024-11-11T14:10:03.952-06:00  INFO 11852 --- [GestionClientes-BuenrostroAsociados] [restartedMain] o.apache.catalina.core.StandardEngine    : Starting Servlet engine: [Apache Tomcat/10.1.26]
2024-11-11T14:10:04.159-06:00  INFO 11852 --- [GestionClientes-BuenrostroAsociados] [restartedMain] o.a.c.c.C.[Tomcat].[localhost].[/]       : Initializing Spring embedded WebApplicationContext
2024-11-11T14:10:04.160-06:00  INFO 11852 --- [GestionClientes-BuenrostroAsociados] [restartedMain] w.s.c.ServletWebServerApplicationContext : Root WebApplicationContext: initialization completed in 6353 ms
2024-11-11T14:10:04.558-06:00  INFO 11852 --- [GestionClientes-BuenrostroAsociados] [restartedMain] o.hibernate.jpa.internal.util.LogHelper  : HHH000204: Processing PersistenceUnitInfo [name: default]
2024-11-11T14:10:04.813-06:00  INFO 11852 --- [GestionClientes-BuenrostroAsociados] [restartedMain] org.hibernate.Version                    : HHH000412: Hibernate ORM core version 6.5.2.Final
2024-11-11T14:10:04.926-06:00  INFO 11852 --- [GestionClientes-BuenrostroAsociados] [restartedMain] o.h.c.internal.RegionFactoryInitiator    : HHH000026: Second-level cache disabled
2024-11-11T14:10:05.851-06:00  INFO 11852 --- [GestionClientes-BuenrostroAsociados] [restartedMain] o.s.o.j.p.SpringPersistenceUnitInfo      : No LoadTimeWeaver setup: ignoring JPA class transformer
2024-11-11T14:10:05.928-06:00  INFO 11852 --- [GestionClientes-BuenrostroAsociados] [restartedMain] com.zaxxer.hikari.HikariDataSource       : HikariPool-1 - Starting...
2024-11-11T14:10:06.419-06:00  INFO 11852 --- [GestionClientes-BuenrostroAsociados] [restartedMain] com.zaxxer.hikari.pool.HikariPool        : HikariPool-1 - Added connection org.postgresql.jdbc.PgConnection@e7dc40a
2024-11-11T14:10:06.423-06:00  INFO 11852 --- [GestionClientes-BuenrostroAsociados] [restartedMain] com.zaxxer.hikari.HikariDataSource       : HikariPool-1 - Start completed.
2024-11-11T14:10:10.169-06:00  INFO 11852 --- [GestionClientes-BuenrostroAsociados] [restartedMain] o.h.e.t.j.p.i.JtaPlatformInitiator       : HHH000489: No JTA platform available (set 'hibernate.transaction.jta.platform' to enable JTA platform integration)
2024-11-11T14:10:10.547-06:00  INFO 11852 --- [GestionClientes-BuenrostroAsociados] [restartedMain] j.LocalContainerEntityManagerFactoryBean : Initialized JPA EntityManagerFactory for persistence unit 'default'
2024-11-11T14:10:11.512-06:00  INFO 11852 --- [GestionClientes-BuenrostroAsociados] [restartedMain] c.b.g.config.security.JwtFilter          : JwtFilter initialized
2024-11-11T14:10:11.619-06:00 DEBUG 11852 --- [GestionClientes-BuenrostroAsociados] [restartedMain] c.b.g.config.security.JwtFilter          : Filter 'jwtFilter' configured for use
2024-11-11T14:10:11.662-06:00 DEBUG 11852 --- [GestionClientes-BuenrostroAsociados] [restartedMain] c.b.g.config.security.AppConfig          : Creating AuthenticationProvider bean
2024-11-11T14:10:11.700-06:00 DEBUG 11852 --- [GestionClientes-BuenrostroAsociados] [restartedMain] c.b.g.config.security.AppConfig          : Creating PasswordEncoder bean
2024-11-11T14:10:11.953-06:00  INFO 11852 --- [GestionClientes-BuenrostroAsociados] [restartedMain] eAuthenticationProviderManagerConfigurer : Global AuthenticationManager configured with AuthenticationProvider bean with name authenticationProvider
2024-11-11T14:10:11.955-06:00  WARN 11852 --- [GestionClientes-BuenrostroAsociados] [restartedMain] r$InitializeUserDetailsManagerConfigurer : Global AuthenticationManager configured with an AuthenticationProvider bean. UserDetailsService beans will not be used for username/password login. Consider removing the AuthenticationProvider bean. Alternatively, consider using the UserDetailsService in a manually instantiated DaoAuthenticationProvider.
2024-11-11T14:10:12.292-06:00  INFO 11852 --- [GestionClientes-BuenrostroAsociados] [restartedMain] o.s.d.j.r.query.QueryEnhancerFactory     : Hibernate is in classpath; If applicable, HQL parser will be used.
2024-11-11T14:10:13.789-06:00  INFO 11852 --- [GestionClientes-BuenrostroAsociados] [restartedMain] c.b.g.service.files.FileServiceImpl      : Carpeta de directorio de subidas ya está disponible.
2024-11-11T14:10:14.048-06:00  WARN 11852 --- [GestionClientes-BuenrostroAsociados] [restartedMain] JpaBaseConfiguration$JpaWebConfiguration : spring.jpa.open-in-view is enabled by default. Therefore, database queries may be performed during view rendering. Explicitly configure spring.jpa.open-in-view to disable this warning
2024-11-11T14:10:16.103-06:00  INFO 11852 --- [GestionClientes-BuenrostroAsociados] [restartedMain] o.s.b.d.a.OptionalLiveReloadServer       : LiveReload server is running on port 35729
2024-11-11T14:10:16.212-06:00  INFO 11852 --- [GestionClientes-BuenrostroAsociados] [restartedMain] o.s.b.w.embedded.tomcat.TomcatWebServer  : Tomcat started on port 4200 (http) with context path '/'
2024-11-11T14:10:16.254-06:00  INFO 11852 --- [GestionClientes-BuenrostroAsociados] [restartedMain] onClientesBuenrostroAsociadosApplication : Started GestionClientesBuenrostroAsociadosApplication in 20.101 seconds (process running for 21.608)
2024-11-11T14:10:16.291-06:00  INFO 11852 --- [GestionClientes-BuenrostroAsociados] [scheduling-1] c.b.g.s.j.BlacklistServiceImpl           : Verifying Blacklist...
2024-11-11T14:10:16.640-06:00  INFO 11852 --- [GestionClientes-BuenrostroAsociados] [scheduling-1] c.b.g.s.j.BlacklistServiceImpl           : Expired tokens cleaned up from the blacklist.
2024-11-11T14:14:17.789-06:00  INFO 11852 --- [GestionClientes-BuenrostroAsociados] [SpringApplicationShutdownHook] j.LocalContainerEntityManagerFactoryBean : Closing JPA EntityManagerFactory for persistence unit 'default'
2024-11-11T14:14:17.798-06:00  INFO 11852 --- [GestionClientes-BuenrostroAsociados] [SpringApplicationShutdownHook] com.zaxxer.hikari.HikariDataSource       : HikariPool-1 - Shutdown initiated...
2024-11-11T14:14:17.820-06:00  INFO 11852 --- [GestionClientes-BuenrostroAsociados] [SpringApplicationShutdownHook] com.zaxxer.hikari.HikariDataSource       : HikariPool-1 - Shutdown completed.
2024-11-11T14:14:50.692-06:00  INFO 9864 --- [GestionClientes-BuenrostroAsociados] [restartedMain] onClientesBuenrostroAsociadosApplication : Starting GestionClientesBuenrostroAsociadosApplication using Java 17.0.11 with PID 9864 (C:\noveno_seemestre\rp_proyect\backend\gestion-clientes\target\classes started by jose_ in C:\noveno_seemestre\rp_proyect\backend\gestion-clientes)
2024-11-11T14:14:50.703-06:00 DEBUG 9864 --- [GestionClientes-BuenrostroAsociados] [restartedMain] onClientesBuenrostroAsociadosApplication : Running with Spring Boot v3.3.2, Spring v6.1.11
2024-11-11T14:14:50.706-06:00  INFO 9864 --- [GestionClientes-BuenrostroAsociados] [restartedMain] onClientesBuenrostroAsociadosApplication : No active profile set, falling back to 1 default profile: "default"
2024-11-11T14:14:50.972-06:00  INFO 9864 --- [GestionClientes-BuenrostroAsociados] [restartedMain] .e.DevToolsPropertyDefaultsPostProcessor : Devtools property defaults active! Set 'spring.devtools.add-properties' to 'false' to disable
2024-11-11T14:14:50.975-06:00  INFO 9864 --- [GestionClientes-BuenrostroAsociados] [restartedMain] .e.DevToolsPropertyDefaultsPostProcessor : For additional web related logging consider setting the 'logging.level.web' property to 'DEBUG'
2024-11-11T14:14:54.870-06:00  INFO 9864 --- [GestionClientes-BuenrostroAsociados] [restartedMain] .s.d.r.c.RepositoryConfigurationDelegate : Bootstrapping Spring Data JPA repositories in DEFAULT mode.
2024-11-11T14:14:55.237-06:00  INFO 9864 --- [GestionClientes-BuenrostroAsociados] [restartedMain] .s.d.r.c.RepositoryConfigurationDelegate : Finished Spring Data repository scanning in 344 ms. Found 11 JPA repository interfaces.
2024-11-11T14:14:57.588-06:00  INFO 9864 --- [GestionClientes-BuenrostroAsociados] [restartedMain] o.s.b.w.embedded.tomcat.TomcatWebServer  : Tomcat initialized with port 4200 (http)
2024-11-11T14:14:57.617-06:00  INFO 9864 --- [GestionClientes-BuenrostroAsociados] [restartedMain] o.apache.catalina.core.StandardService   : Starting service [Tomcat]
2024-11-11T14:14:57.618-06:00  INFO 9864 --- [GestionClientes-BuenrostroAsociados] [restartedMain] o.apache.catalina.core.StandardEngine    : Starting Servlet engine: [Apache Tomcat/10.1.26]
2024-11-11T14:14:57.773-06:00  INFO 9864 --- [GestionClientes-BuenrostroAsociados] [restartedMain] o.a.c.c.C.[Tomcat].[localhost].[/]       : Initializing Spring embedded WebApplicationContext
2024-11-11T14:14:57.775-06:00  INFO 9864 --- [GestionClientes-BuenrostroAsociados] [restartedMain] w.s.c.ServletWebServerApplicationContext : Root WebApplicationContext: initialization completed in 6798 ms
2024-11-11T14:14:58.310-06:00  INFO 9864 --- [GestionClientes-BuenrostroAsociados] [restartedMain] o.hibernate.jpa.internal.util.LogHelper  : HHH000204: Processing PersistenceUnitInfo [name: default]
2024-11-11T14:14:58.510-06:00  INFO 9864 --- [GestionClientes-BuenrostroAsociados] [restartedMain] org.hibernate.Version                    : HHH000412: Hibernate ORM core version 6.5.2.Final
2024-11-11T14:14:58.624-06:00  INFO 9864 --- [GestionClientes-BuenrostroAsociados] [restartedMain] o.h.c.internal.RegionFactoryInitiator    : HHH000026: Second-level cache disabled
2024-11-11T14:14:59.433-06:00  INFO 9864 --- [GestionClientes-BuenrostroAsociados] [restartedMain] o.s.o.j.p.SpringPersistenceUnitInfo      : No LoadTimeWeaver setup: ignoring JPA class transformer
2024-11-11T14:14:59.538-06:00  INFO 9864 --- [GestionClientes-BuenrostroAsociados] [restartedMain] com.zaxxer.hikari.HikariDataSource       : HikariPool-1 - Starting...
2024-11-11T14:15:00.059-06:00  INFO 9864 --- [GestionClientes-BuenrostroAsociados] [restartedMain] com.zaxxer.hikari.pool.HikariPool        : HikariPool-1 - Added connection org.postgresql.jdbc.PgConnection@273e4dc0
2024-11-11T14:15:00.064-06:00  INFO 9864 --- [GestionClientes-BuenrostroAsociados] [restartedMain] com.zaxxer.hikari.HikariDataSource       : HikariPool-1 - Start completed.
2024-11-11T14:15:03.880-06:00  INFO 9864 --- [GestionClientes-BuenrostroAsociados] [restartedMain] o.h.e.t.j.p.i.JtaPlatformInitiator       : HHH000489: No JTA platform available (set 'hibernate.transaction.jta.platform' to enable JTA platform integration)
2024-11-11T14:15:04.240-06:00  INFO 9864 --- [GestionClientes-BuenrostroAsociados] [restartedMain] j.LocalContainerEntityManagerFactoryBean : Initialized JPA EntityManagerFactory for persistence unit 'default'
2024-11-11T14:15:05.278-06:00  INFO 9864 --- [GestionClientes-BuenrostroAsociados] [restartedMain] c.b.g.config.security.JwtFilter          : JwtFilter initialized
2024-11-11T14:15:05.376-06:00 DEBUG 9864 --- [GestionClientes-BuenrostroAsociados] [restartedMain] c.b.g.config.security.JwtFilter          : Filter 'jwtFilter' configured for use
2024-11-11T14:15:05.420-06:00 DEBUG 9864 --- [GestionClientes-BuenrostroAsociados] [restartedMain] c.b.g.config.security.AppConfig          : Creating AuthenticationProvider bean
2024-11-11T14:15:05.458-06:00 DEBUG 9864 --- [GestionClientes-BuenrostroAsociados] [restartedMain] c.b.g.config.security.AppConfig          : Creating PasswordEncoder bean
2024-11-11T14:15:05.778-06:00  INFO 9864 --- [GestionClientes-BuenrostroAsociados] [restartedMain] eAuthenticationProviderManagerConfigurer : Global AuthenticationManager configured with AuthenticationProvider bean with name authenticationProvider
2024-11-11T14:15:05.780-06:00  WARN 9864 --- [GestionClientes-BuenrostroAsociados] [restartedMain] r$InitializeUserDetailsManagerConfigurer : Global AuthenticationManager configured with an AuthenticationProvider bean. UserDetailsService beans will not be used for username/password login. Consider removing the AuthenticationProvider bean. Alternatively, consider using the UserDetailsService in a manually instantiated DaoAuthenticationProvider.
2024-11-11T14:15:06.120-06:00  INFO 9864 --- [GestionClientes-BuenrostroAsociados] [restartedMain] o.s.d.j.r.query.QueryEnhancerFactory     : Hibernate is in classpath; If applicable, HQL parser will be used.
2024-11-11T14:15:07.860-06:00  WARN 9864 --- [GestionClientes-BuenrostroAsociados] [restartedMain] JpaBaseConfiguration$JpaWebConfiguration : spring.jpa.open-in-view is enabled by default. Therefore, database queries may be performed during view rendering. Explicitly configure spring.jpa.open-in-view to disable this warning
2024-11-11T14:15:09.867-06:00  INFO 9864 --- [GestionClientes-BuenrostroAsociados] [restartedMain] o.s.b.d.a.OptionalLiveReloadServer       : LiveReload server is running on port 35729
2024-11-11T14:15:10.012-06:00  INFO 9864 --- [GestionClientes-BuenrostroAsociados] [restartedMain] o.s.b.w.embedded.tomcat.TomcatWebServer  : Tomcat started on port 4200 (http) with context path '/'
2024-11-11T14:15:10.057-06:00  INFO 9864 --- [GestionClientes-BuenrostroAsociados] [restartedMain] onClientesBuenrostroAsociadosApplication : Started GestionClientesBuenrostroAsociadosApplication in 21.046 seconds (process running for 22.535)
2024-11-11T14:15:10.110-06:00  INFO 9864 --- [GestionClientes-BuenrostroAsociados] [scheduling-1] c.b.g.s.j.BlacklistServiceImpl           : Verifying Blacklist...
2024-11-11T14:15:10.449-06:00  INFO 9864 --- [GestionClientes-BuenrostroAsociados] [scheduling-1] c.b.g.s.j.BlacklistServiceImpl           : Expired tokens cleaned up from the blacklist.
2024-11-11T14:15:14.646-06:00  INFO 9864 --- [GestionClientes-BuenrostroAsociados] [SpringApplicationShutdownHook] j.LocalContainerEntityManagerFactoryBean : Closing JPA EntityManagerFactory for persistence unit 'default'
2024-11-11T14:15:14.654-06:00  INFO 9864 --- [GestionClientes-BuenrostroAsociados] [SpringApplicationShutdownHook] com.zaxxer.hikari.HikariDataSource       : HikariPool-1 - Shutdown initiated...
2024-11-11T14:15:14.674-06:00  INFO 9864 --- [GestionClientes-BuenrostroAsociados] [SpringApplicationShutdownHook] com.zaxxer.hikari.HikariDataSource       : HikariPool-1 - Shutdown completed.
